###############################################################################
#
# IAR ELF Linker V8.32.1.169/W32 for ARM                  07/Mar/2023  15:56:27
# Copyright 2007-2018 IAR Systems AB.
#
#    Output file  =  
#        C:\Users\Tom\Desktop\keyboard\stm32\EWARM\stm32\Exe\stm32.out
#    Map file     =  
#        C:\Users\Tom\Desktop\keyboard\stm32\EWARM\stm32\List\stm32.map
#    Command line =  
#        -f C:\Users\Tom\AppData\Local\Temp\EW2FA1.tmp
#        (C:\Users\Tom\Desktop\keyboard\stm32\EWARM\stm32\Obj\DEV_Config.o
#        C:\Users\Tom\Desktop\keyboard\stm32\EWARM\stm32\Obj\EPD_1in02_test.o
#        C:\Users\Tom\Desktop\keyboard\stm32\EWARM\stm32\Obj\EPD_1in02d.o
#        C:\Users\Tom\Desktop\keyboard\stm32\EWARM\stm32\Obj\EPD_1in54.o
#        C:\Users\Tom\Desktop\keyboard\stm32\EWARM\stm32\Obj\EPD_1in54_test.o
#        C:\Users\Tom\Desktop\keyboard\stm32\EWARM\stm32\Obj\EPD_1in54_V2.o
#        C:\Users\Tom\Desktop\keyboard\stm32\EWARM\stm32\Obj\EPD_1in54_V2_test.o
#        C:\Users\Tom\Desktop\keyboard\stm32\EWARM\stm32\Obj\EPD_1in54b.o
#        C:\Users\Tom\Desktop\keyboard\stm32\EWARM\stm32\Obj\EPD_1in54b_test.o
#        C:\Users\Tom\Desktop\keyboard\stm32\EWARM\stm32\Obj\EPD_1in54b_V2.o
#        C:\Users\Tom\Desktop\keyboard\stm32\EWARM\stm32\Obj\EPD_1in54b_V2_test.o
#        C:\Users\Tom\Desktop\keyboard\stm32\EWARM\stm32\Obj\EPD_1in54c.o
#        C:\Users\Tom\Desktop\keyboard\stm32\EWARM\stm32\Obj\EPD_1in54c_test.o
#        C:\Users\Tom\Desktop\keyboard\stm32\EWARM\stm32\Obj\EPD_1in64g.o
#        C:\Users\Tom\Desktop\keyboard\stm32\EWARM\stm32\Obj\EPD_1in64g_test.o
#        C:\Users\Tom\Desktop\keyboard\stm32\EWARM\stm32\Obj\EPD_2in13.o
#        C:\Users\Tom\Desktop\keyboard\stm32\EWARM\stm32\Obj\EPD_2in13_test.o
#        C:\Users\Tom\Desktop\keyboard\stm32\EWARM\stm32\Obj\EPD_2in13_V2.o
#        C:\Users\Tom\Desktop\keyboard\stm32\EWARM\stm32\Obj\EPD_2in13_V2_test.o
#        C:\Users\Tom\Desktop\keyboard\stm32\EWARM\stm32\Obj\EPD_2in13_V3.o
#        C:\Users\Tom\Desktop\keyboard\stm32\EWARM\stm32\Obj\EPD_2in13_V3_test.o
#        C:\Users\Tom\Desktop\keyboard\stm32\EWARM\stm32\Obj\EPD_2in13b_V3.o
#        C:\Users\Tom\Desktop\keyboard\stm32\EWARM\stm32\Obj\EPD_2in13b_V3_test.o
#        C:\Users\Tom\Desktop\keyboard\stm32\EWARM\stm32\Obj\EPD_2in13b_V4.o
#        C:\Users\Tom\Desktop\keyboard\stm32\EWARM\stm32\Obj\EPD_2in13b_V4_test.o
#        C:\Users\Tom\Desktop\keyboard\stm32\EWARM\stm32\Obj\EPD_2in13bc.o
#        C:\Users\Tom\Desktop\keyboard\stm32\EWARM\stm32\Obj\EPD_2in13bc_test.o
#        C:\Users\Tom\Desktop\keyboard\stm32\EWARM\stm32\Obj\EPD_2in13d.o
#        C:\Users\Tom\Desktop\keyboard\stm32\EWARM\stm32\Obj\EPD_2in13d_test.o
#        C:\Users\Tom\Desktop\keyboard\stm32\EWARM\stm32\Obj\EPD_2in36g.o
#        C:\Users\Tom\Desktop\keyboard\stm32\EWARM\stm32\Obj\EPD_2in36g_test.o
#        C:\Users\Tom\Desktop\keyboard\stm32\EWARM\stm32\Obj\EPD_2in66.o
#        C:\Users\Tom\Desktop\keyboard\stm32\EWARM\stm32\Obj\EPD_2in66_test.o
#        C:\Users\Tom\Desktop\keyboard\stm32\EWARM\stm32\Obj\EPD_2in66b.o
#        C:\Users\Tom\Desktop\keyboard\stm32\EWARM\stm32\Obj\EPD_2in66b_test.o
#        C:\Users\Tom\Desktop\keyboard\stm32\EWARM\stm32\Obj\EPD_2in7.o
#        C:\Users\Tom\Desktop\keyboard\stm32\EWARM\stm32\Obj\EPD_2in7_test.o
#        C:\Users\Tom\Desktop\keyboard\stm32\EWARM\stm32\Obj\EPD_2in7_V2.o
#        C:\Users\Tom\Desktop\keyboard\stm32\EWARM\stm32\Obj\EPD_2in7_V2_test.o
#        C:\Users\Tom\Desktop\keyboard\stm32\EWARM\stm32\Obj\EPD_2in7b.o
#        C:\Users\Tom\Desktop\keyboard\stm32\EWARM\stm32\Obj\EPD_2in7b_test.o
#        C:\Users\Tom\Desktop\keyboard\stm32\EWARM\stm32\Obj\EPD_2in7b_V2.o
#        C:\Users\Tom\Desktop\keyboard\stm32\EWARM\stm32\Obj\EPD_2in7b_V2_test.o
#        C:\Users\Tom\Desktop\keyboard\stm32\EWARM\stm32\Obj\EPD_2in9.o
#        C:\Users\Tom\Desktop\keyboard\stm32\EWARM\stm32\Obj\EPD_2in9_test.o
#        C:\Users\Tom\Desktop\keyboard\stm32\EWARM\stm32\Obj\EPD_2in9_V2.o
#        C:\Users\Tom\Desktop\keyboard\stm32\EWARM\stm32\Obj\EPD_2in9_V2_test.o
#        C:\Users\Tom\Desktop\keyboard\stm32\EWARM\stm32\Obj\EPD_2in9b_V3.o
#        C:\Users\Tom\Desktop\keyboard\stm32\EWARM\stm32\Obj\EPD_2in9b_V3_test.o
#        C:\Users\Tom\Desktop\keyboard\stm32\EWARM\stm32\Obj\EPD_2in9bc.o
#        C:\Users\Tom\Desktop\keyboard\stm32\EWARM\stm32\Obj\EPD_2in9bc_test.o
#        C:\Users\Tom\Desktop\keyboard\stm32\EWARM\stm32\Obj\EPD_2in9d.o
#        C:\Users\Tom\Desktop\keyboard\stm32\EWARM\stm32\Obj\EPD_2in9d_test.o
#        C:\Users\Tom\Desktop\keyboard\stm32\EWARM\stm32\Obj\EPD_3in0g.o
#        C:\Users\Tom\Desktop\keyboard\stm32\EWARM\stm32\Obj\EPD_3in0g_test.o
#        C:\Users\Tom\Desktop\keyboard\stm32\EWARM\stm32\Obj\EPD_3in52.o
#        C:\Users\Tom\Desktop\keyboard\stm32\EWARM\stm32\Obj\EPD_3in52_test.o
#        C:\Users\Tom\Desktop\keyboard\stm32\EWARM\stm32\Obj\EPD_3in7.o
#        C:\Users\Tom\Desktop\keyboard\stm32\EWARM\stm32\Obj\EPD_3in7_test.o
#        C:\Users\Tom\Desktop\keyboard\stm32\EWARM\stm32\Obj\EPD_4in01f.o
#        C:\Users\Tom\Desktop\keyboard\stm32\EWARM\stm32\Obj\EPD_4in01f_test.o
#        C:\Users\Tom\Desktop\keyboard\stm32\EWARM\stm32\Obj\EPD_4in2.o
#        C:\Users\Tom\Desktop\keyboard\stm32\EWARM\stm32\Obj\EPD_4in2_test.o
#        C:\Users\Tom\Desktop\keyboard\stm32\EWARM\stm32\Obj\EPD_4in2b_V2.o
#        C:\Users\Tom\Desktop\keyboard\stm32\EWARM\stm32\Obj\EPD_4in2b_V2_test.o
#        C:\Users\Tom\Desktop\keyboard\stm32\EWARM\stm32\Obj\EPD_4in2bc.o
#        C:\Users\Tom\Desktop\keyboard\stm32\EWARM\stm32\Obj\EPD_4in2bc_test.o
#        C:\Users\Tom\Desktop\keyboard\stm32\EWARM\stm32\Obj\EPD_4in37g.o
#        C:\Users\Tom\Desktop\keyboard\stm32\EWARM\stm32\Obj\EPD_4in37g_test.o
#        C:\Users\Tom\Desktop\keyboard\stm32\EWARM\stm32\Obj\EPD_5in65f.o
#        C:\Users\Tom\Desktop\keyboard\stm32\EWARM\stm32\Obj\EPD_5in65f_test.o
#        C:\Users\Tom\Desktop\keyboard\stm32\EWARM\stm32\Obj\EPD_5in83.o
#        C:\Users\Tom\Desktop\keyboard\stm32\EWARM\stm32\Obj\EPD_5in83_test.o
#        C:\Users\Tom\Desktop\keyboard\stm32\EWARM\stm32\Obj\EPD_5in83_V2.o
#        C:\Users\Tom\Desktop\keyboard\stm32\EWARM\stm32\Obj\EPD_5in83_V2_test.o
#        C:\Users\Tom\Desktop\keyboard\stm32\EWARM\stm32\Obj\EPD_5in83b_V2.o
#        C:\Users\Tom\Desktop\keyboard\stm32\EWARM\stm32\Obj\EPD_5in83b_V2_test.o
#        C:\Users\Tom\Desktop\keyboard\stm32\EWARM\stm32\Obj\EPD_5in83bc.o
#        C:\Users\Tom\Desktop\keyboard\stm32\EWARM\stm32\Obj\EPD_5in83bc_test.o
#        C:\Users\Tom\Desktop\keyboard\stm32\EWARM\stm32\Obj\EPD_7in3f.o
#        C:\Users\Tom\Desktop\keyboard\stm32\EWARM\stm32\Obj\EPD_7in3f_test.o
#        C:\Users\Tom\Desktop\keyboard\stm32\EWARM\stm32\Obj\EPD_7in3g.o
#        C:\Users\Tom\Desktop\keyboard\stm32\EWARM\stm32\Obj\EPD_7in3g_test.o
#        C:\Users\Tom\Desktop\keyboard\stm32\EWARM\stm32\Obj\EPD_7in5.o
#        C:\Users\Tom\Desktop\keyboard\stm32\EWARM\stm32\Obj\EPD_7in5_HD.o
#        C:\Users\Tom\Desktop\keyboard\stm32\EWARM\stm32\Obj\EPD_7in5_HD_test.o
#        C:\Users\Tom\Desktop\keyboard\stm32\EWARM\stm32\Obj\EPD_7in5_test.o
#        C:\Users\Tom\Desktop\keyboard\stm32\EWARM\stm32\Obj\EPD_7in5_V2.o
#        C:\Users\Tom\Desktop\keyboard\stm32\EWARM\stm32\Obj\EPD_7in5_V2_test.o
#        C:\Users\Tom\Desktop\keyboard\stm32\EWARM\stm32\Obj\EPD_7in5b_HD.o
#        C:\Users\Tom\Desktop\keyboard\stm32\EWARM\stm32\Obj\EPD_7in5b_HD_test.o
#        C:\Users\Tom\Desktop\keyboard\stm32\EWARM\stm32\Obj\EPD_7in5b_V2.o
#        C:\Users\Tom\Desktop\keyboard\stm32\EWARM\stm32\Obj\EPD_7in5b_V2_test.o
#        C:\Users\Tom\Desktop\keyboard\stm32\EWARM\stm32\Obj\EPD_7in5bc.o
#        C:\Users\Tom\Desktop\keyboard\stm32\EWARM\stm32\Obj\EPD_7in5bc_test.o
#        C:\Users\Tom\Desktop\keyboard\stm32\EWARM\stm32\Obj\font12.o
#        C:\Users\Tom\Desktop\keyboard\stm32\EWARM\stm32\Obj\font12CN.o
#        C:\Users\Tom\Desktop\keyboard\stm32\EWARM\stm32\Obj\font16.o
#        C:\Users\Tom\Desktop\keyboard\stm32\EWARM\stm32\Obj\font20.o
#        C:\Users\Tom\Desktop\keyboard\stm32\EWARM\stm32\Obj\font24.o
#        C:\Users\Tom\Desktop\keyboard\stm32\EWARM\stm32\Obj\font24CN.o
#        C:\Users\Tom\Desktop\keyboard\stm32\EWARM\stm32\Obj\font8.o
#        C:\Users\Tom\Desktop\keyboard\stm32\EWARM\stm32\Obj\gpio.o
#        C:\Users\Tom\Desktop\keyboard\stm32\EWARM\stm32\Obj\GUI_Paint.o
#        C:\Users\Tom\Desktop\keyboard\stm32\EWARM\stm32\Obj\ImageData.o
#        C:\Users\Tom\Desktop\keyboard\stm32\EWARM\stm32\Obj\ImageData2.o
#        C:\Users\Tom\Desktop\keyboard\stm32\EWARM\stm32\Obj\main.o
#        C:\Users\Tom\Desktop\keyboard\stm32\EWARM\stm32\Obj\spi.o
#        C:\Users\Tom\Desktop\keyboard\stm32\EWARM\stm32\Obj\startup_stm32f407xx.o
#        C:\Users\Tom\Desktop\keyboard\stm32\EWARM\stm32\Obj\stm32f4xx_hal.o
#        C:\Users\Tom\Desktop\keyboard\stm32\EWARM\stm32\Obj\stm32f4xx_hal_cortex.o
#        C:\Users\Tom\Desktop\keyboard\stm32\EWARM\stm32\Obj\stm32f4xx_hal_dma.o
#        C:\Users\Tom\Desktop\keyboard\stm32\EWARM\stm32\Obj\stm32f4xx_hal_dma_ex.o
#        C:\Users\Tom\Desktop\keyboard\stm32\EWARM\stm32\Obj\stm32f4xx_hal_exti.o
#        C:\Users\Tom\Desktop\keyboard\stm32\EWARM\stm32\Obj\stm32f4xx_hal_flash.o
#        C:\Users\Tom\Desktop\keyboard\stm32\EWARM\stm32\Obj\stm32f4xx_hal_flash_ex.o
#        C:\Users\Tom\Desktop\keyboard\stm32\EWARM\stm32\Obj\stm32f4xx_hal_flash_ramfunc.o
#        C:\Users\Tom\Desktop\keyboard\stm32\EWARM\stm32\Obj\stm32f4xx_hal_gpio.o
#        C:\Users\Tom\Desktop\keyboard\stm32\EWARM\stm32\Obj\stm32f4xx_hal_msp.o
#        C:\Users\Tom\Desktop\keyboard\stm32\EWARM\stm32\Obj\stm32f4xx_hal_pwr.o
#        C:\Users\Tom\Desktop\keyboard\stm32\EWARM\stm32\Obj\stm32f4xx_hal_pwr_ex.o
#        C:\Users\Tom\Desktop\keyboard\stm32\EWARM\stm32\Obj\stm32f4xx_hal_rcc.o
#        C:\Users\Tom\Desktop\keyboard\stm32\EWARM\stm32\Obj\stm32f4xx_hal_rcc_ex.o
#        C:\Users\Tom\Desktop\keyboard\stm32\EWARM\stm32\Obj\stm32f4xx_hal_spi.o
#        C:\Users\Tom\Desktop\keyboard\stm32\EWARM\stm32\Obj\stm32f4xx_hal_tim.o
#        C:\Users\Tom\Desktop\keyboard\stm32\EWARM\stm32\Obj\stm32f4xx_hal_tim_ex.o
#        C:\Users\Tom\Desktop\keyboard\stm32\EWARM\stm32\Obj\stm32f4xx_hal_uart.o
#        C:\Users\Tom\Desktop\keyboard\stm32\EWARM\stm32\Obj\stm32f4xx_it.o
#        C:\Users\Tom\Desktop\keyboard\stm32\EWARM\stm32\Obj\system_stm32f4xx.o
#        C:\Users\Tom\Desktop\keyboard\stm32\EWARM\stm32\Obj\usart.o
#        --no_out_extension -o
#        C:\Users\Tom\Desktop\keyboard\stm32\EWARM\stm32\Exe\stm32.out
#        --redirect _Printf=_PrintfFullNoMb --redirect _Scanf=_ScanfFullNoMb
#        --map C:\Users\Tom\Desktop\keyboard\stm32\EWARM\stm32\List\stm32.map
#        --config
#        C:\Users\Tom\Desktop\keyboard\stm32\EWARM/stm32f407xx_flash.icf
#        --semihosting --entry __iar_program_start "C:\Program Files (x86)\IAR
#        Systems\Embedded Workbench
#        8.2\arm\CMSIS\Lib\IAR\iar_cortexM4lf_math.a" --vfe --text_out locale)
#
###############################################################################

*******************************************************************************
*** RUNTIME MODEL ATTRIBUTES
***

CppFlavor       = *
__Heap_Handler  = DLMalloc
__SystemLibrary = DLib
__dlib_version  = 6


*******************************************************************************
*** HEAP SELECTION
***

The advanced heap was selected because the application calls memory
allocation functions outside of system library functions, and there
are calls to deallocation functions in the application.


*******************************************************************************
*** PLACEMENT SUMMARY
***

"A0":  place at 0x800'0000 { ro section .intvec };
"P1":  place in [from 0x800'0000 to 0x80f'ffff] { ro };
define block CSTACK with size = 4K, alignment = 8 { };
define block HEAP with size = 36K, alignment = 8 { };
"P2":  place in [from 0x2000'0000 to 0x2001'ffff] {
          rw, block CSTACK, block HEAP };
initialize by copy { rw };

  Section            Kind         Address    Size  Object
  -------            ----         -------    ----  ------
"A0":                                       0x188
  .intvec            ro code   0x800'0000   0x188  startup_stm32f407xx.o [1]
                             - 0x800'0188   0x188

"P1":                                      0x920c
  .text              ro code   0x800'0188  0x14e0  dlmalloc.o [2]
  .text              ro code   0x800'1668     0x6  abort.o [2]
  .text              ro code   0x800'166e    0x3a  zero_init3.o [4]
  .text              ro code   0x800'16a8    0x2c  xgetmemchunk.o [2]
  .text              ro code   0x800'16d4    0x14  exit.o [5]
  .rodata            const     0x800'16e8  0x1388  ImageData.o [1]
  .rodata            const     0x800'2a70  0x1184  font24CN.o [1]
  .rodata            const     0x800'3bf4   0xed8  font20.o [1]
  .text              ro code   0x800'4acc   0xdf2  xprintffull_nomb.o [2]
  .text              ro code   0x800'58c0    0x16  strchr.o [4]
  .text              ro code   0x800'58d8    0x40  xfail_s.o [2]
  .text              ro code   0x800'5918    0x36  strlen.o [4]
  .text              ro code   0x800'5950    0x58  memchr.o [4]
  .text              ro code   0x800'59a8   0x106  I64DivMod_small.o [4]
  .text              ro code   0x800'5ab0   0x1a2  DblMul.o [3]
  .text              ro code   0x800'5c54    0x18  ABImemcpy_small.o [4]
  .text              ro code   0x800'5c6c    0x70  frexp.o [3]
  .text              ro code   0x800'5cdc    0x2e  DblCmpLe.o [3]
  .text              ro code   0x800'5d0c    0x2e  DblCmpGe.o [3]
  .text              ro code   0x800'5d3c   0x13a  ldexp.o [3]
  .text              ro code   0x800'5e78    0x3a  DblToS32.o [3]
  .text              ro code   0x800'5eb4    0x22  S32ToDbl.o [3]
  .text              ro code   0x800'5ed8    0xe2  DblSub.o [3]
  .text              ro code   0x800'5fbc   0x246  DblDiv.o [3]
  .text              ro code   0x800'6204    0x28  DblToU32.o [3]
  .text              ro code   0x800'622c    0x1a  U32ToDbl.o [3]
  .text              ro code   0x800'6248     0x8  xlocale_c.o [2]
  .text              ro code   0x800'6250     0x2  I64DivZer.o [4]
  .text              ro code   0x800'6254   0x16a  DblAdd.o [3]
  .text              ro code   0x800'63c0   0xb74  GUI_Paint.o [1]
  .text              ro code   0x800'6f34    0x28  printf.o [2]
  .rodata            const     0x800'6f5c   0x5d8  font12CN.o [1]
  .text              ro code   0x800'7534   0x394  EPD_1in54_test.o [1]
  .text              ro code   0x800'78c8    0x64  DEV_Config.o [1]
  .text              ro code   0x800'792c   0x274  EPD_1in54.o [1]
  .text              ro code   0x800'7ba0    0x28  stm32f4xx_hal.o [1]
  .text              ro code   0x800'7bc8     0x4  heaptramp0.o [2]
  .text              ro code   0x800'7bcc   0x388  stm32f4xx_hal_spi.o [1]
  .text              ro code   0x800'7f54   0x200  stm32f4xx_hal_gpio.o [1]
  .text              ro code   0x800'8154     0xc  stm32f4xx_hal.o [1]
  .text              ro code   0x800'8160    0xb0  spi.o [1]
  .text              ro code   0x800'8210    0xd0  main.o [1]
  .text              ro code   0x800'82e0     0x6  ABImemclr4.o [4]
  .text              ro code   0x800'82e8    0x34  stm32f4xx_hal.o [1]
  .text              ro code   0x800'831c   0x12c  gpio.o [1]
  .text              ro code   0x800'8448    0xc0  usart.o [1]
  .text              ro code   0x800'8508   0x330  stm32f4xx_hal_rcc.o [1]
  .text              ro code   0x800'8838   0x1ac  stm32f4xx_hal_rcc.o [1]
  .text              ro code   0x800'89e4    0x32  ABImemset48.o [4]
  .text              ro code   0x800'8a18    0xac  stm32f4xx_hal_cortex.o [1]
  .text              ro code   0x800'8ac4    0x40  stm32f4xx_hal.o [1]
  .text              ro code   0x800'8b04    0x38  stm32f4xx_hal_msp.o [1]
  .text              ro code   0x800'8b3c   0x284  stm32f4xx_hal_uart.o [1]
  .rodata            const     0x800'8dc0   0x200  GUI_Paint.o [1]
  .rodata            const     0x800'8fc0    0x5c  EPD_1in54_test.o [1]
  .rodata            const     0x800'901c    0x4c  GUI_Paint.o [1]
  .text              ro code   0x800'9068    0x38  packbits_init_single.o [4]
  .text              ro code   0x800'90a0    0x28  data_init.o [4]
  .text              ro code   0x800'90c8    0x22  fpinit_M.o [3]
  .iar.init_table    const     0x800'90ec    0x20  - Linker created -
  .text              ro code   0x800'910c    0x20  system_stm32f4xx.o [1]
  .text              ro code   0x800'912c    0x1e  cmain.o [4]
  .text              ro code   0x800'914a     0x4  low_level_init.o [2]
  .text              ro code   0x800'914e     0x4  exit.o [2]
  .text              ro code   0x800'9154     0xa  cexit.o [4]
  .text              ro code   0x800'915e    0x16  xprout.o [2]
  .text              ro code   0x800'9174     0xc  putchar.o [2]
  .text              ro code   0x800'9180    0x14  stm32f4xx_it.o [1]
  .text              ro code   0x800'9194    0x10  stm32f4xx_hal.o [1]
  .text              ro code   0x800'91a4    0x10  startup_stm32f407xx.o [1]
  .text              ro code   0x800'91b4     0xc  cstartup_M.o [4]
  .rodata            const     0x800'91c0     0x8  system_stm32f4xx.o [1]
  .rodata            const     0x800'91c8     0x4  xlocale_c.o [2]
  .text              ro code   0x800'91cc     0x4  startup_stm32f407xx.o [1]
  .text              ro code   0x800'91d0     0x4  startup_stm32f407xx.o [1]
  .text              ro code   0x800'91d4     0x4  startup_stm32f407xx.o [1]
  .text              ro code   0x800'91d8     0x4  startup_stm32f407xx.o [1]
  .text              ro code   0x800'91dc     0x4  startup_stm32f407xx.o [1]
  .text              ro code   0x800'91e0     0x4  startup_stm32f407xx.o [1]
  .text              ro code   0x800'91e4     0x4  startup_stm32f407xx.o [1]
  .text              ro code   0x800'91e8     0x4  startup_stm32f407xx.o [1]
  .text              ro code   0x800'91ec     0x4  startup_stm32f407xx.o [1]
  .text              ro code   0x800'91f0     0x4  startup_stm32f407xx.o [1]
  .text              ro code   0x800'91f4     0x4  startup_stm32f407xx.o [1]
  .text              ro code   0x800'91f8     0x4  startup_stm32f407xx.o [1]
  .text              ro code   0x800'91fc     0x4  startup_stm32f407xx.o [1]
  .text              ro code   0x800'9200     0x4  startup_stm32f407xx.o [1]
  .text              ro code   0x800'9204     0x4  startup_stm32f407xx.o [1]
  .text              ro code   0x800'9208     0x4  startup_stm32f407xx.o [1]
  .text              ro code   0x800'920c     0x4  startup_stm32f407xx.o [1]
  .text              ro code   0x800'9210     0x4  startup_stm32f407xx.o [1]
  .text              ro code   0x800'9214     0x4  startup_stm32f407xx.o [1]
  .text              ro code   0x800'9218     0x4  startup_stm32f407xx.o [1]
  .text              ro code   0x800'921c     0x4  startup_stm32f407xx.o [1]
  .text              ro code   0x800'9220     0x4  startup_stm32f407xx.o [1]
  .text              ro code   0x800'9224     0x4  startup_stm32f407xx.o [1]
  .text              ro code   0x800'9228     0x4  startup_stm32f407xx.o [1]
  .text              ro code   0x800'922c     0x4  startup_stm32f407xx.o [1]
  .text              ro code   0x800'9230     0x4  startup_stm32f407xx.o [1]
  .text              ro code   0x800'9234     0x4  startup_stm32f407xx.o [1]
  .text              ro code   0x800'9238     0x4  startup_stm32f407xx.o [1]
  .text              ro code   0x800'923c     0x4  startup_stm32f407xx.o [1]
  .text              ro code   0x800'9240     0x4  startup_stm32f407xx.o [1]
  .text              ro code   0x800'9244     0x4  startup_stm32f407xx.o [1]
  .text              ro code   0x800'9248     0x4  startup_stm32f407xx.o [1]
  .text              ro code   0x800'924c     0x4  startup_stm32f407xx.o [1]
  .text              ro code   0x800'9250     0x4  startup_stm32f407xx.o [1]
  .text              ro code   0x800'9254     0x4  startup_stm32f407xx.o [1]
  .text              ro code   0x800'9258     0x4  startup_stm32f407xx.o [1]
  .text              ro code   0x800'925c     0x4  startup_stm32f407xx.o [1]
  .text              ro code   0x800'9260     0x4  startup_stm32f407xx.o [1]
  .text              ro code   0x800'9264     0x4  startup_stm32f407xx.o [1]
  .text              ro code   0x800'9268     0x4  startup_stm32f407xx.o [1]
  .text              ro code   0x800'926c     0x4  startup_stm32f407xx.o [1]
  .text              ro code   0x800'9270     0x4  startup_stm32f407xx.o [1]
  .text              ro code   0x800'9274     0x4  startup_stm32f407xx.o [1]
  .text              ro code   0x800'9278     0x4  startup_stm32f407xx.o [1]
  .text              ro code   0x800'927c     0x4  startup_stm32f407xx.o [1]
  .text              ro code   0x800'9280     0x4  startup_stm32f407xx.o [1]
  .text              ro code   0x800'9284     0x4  startup_stm32f407xx.o [1]
  .text              ro code   0x800'9288     0x4  startup_stm32f407xx.o [1]
  .text              ro code   0x800'928c     0x4  startup_stm32f407xx.o [1]
  .text              ro code   0x800'9290     0x4  startup_stm32f407xx.o [1]
  .text              ro code   0x800'9294     0x4  startup_stm32f407xx.o [1]
  .text              ro code   0x800'9298     0x4  startup_stm32f407xx.o [1]
  .text              ro code   0x800'929c     0x4  startup_stm32f407xx.o [1]
  .text              ro code   0x800'92a0     0x4  startup_stm32f407xx.o [1]
  .text              ro code   0x800'92a4     0x4  startup_stm32f407xx.o [1]
  .text              ro code   0x800'92a8     0x4  startup_stm32f407xx.o [1]
  .text              ro code   0x800'92ac     0x4  startup_stm32f407xx.o [1]
  .text              ro code   0x800'92b0     0x4  startup_stm32f407xx.o [1]
  .text              ro code   0x800'92b4     0x4  startup_stm32f407xx.o [1]
  .text              ro code   0x800'92b8     0x4  startup_stm32f407xx.o [1]
  .text              ro code   0x800'92bc     0x4  startup_stm32f407xx.o [1]
  .text              ro code   0x800'92c0     0x4  startup_stm32f407xx.o [1]
  .text              ro code   0x800'92c4     0x4  startup_stm32f407xx.o [1]
  .text              ro code   0x800'92c8     0x4  startup_stm32f407xx.o [1]
  .text              ro code   0x800'92cc     0x4  startup_stm32f407xx.o [1]
  .text              ro code   0x800'92d0     0x4  startup_stm32f407xx.o [1]
  .text              ro code   0x800'92d4     0x4  startup_stm32f407xx.o [1]
  .text              ro code   0x800'92d8     0x4  startup_stm32f407xx.o [1]
  .text              ro code   0x800'92dc     0x4  startup_stm32f407xx.o [1]
  .text              ro code   0x800'92e0     0x4  startup_stm32f407xx.o [1]
  .text              ro code   0x800'92e4     0x4  startup_stm32f407xx.o [1]
  .text              ro code   0x800'92e8     0x4  startup_stm32f407xx.o [1]
  .text              ro code   0x800'92ec     0x4  startup_stm32f407xx.o [1]
  .text              ro code   0x800'92f0     0x4  startup_stm32f407xx.o [1]
  .text              ro code   0x800'92f4     0x4  startup_stm32f407xx.o [1]
  .text              ro code   0x800'92f8     0x4  startup_stm32f407xx.o [1]
  .text              ro code   0x800'92fc     0x4  startup_stm32f407xx.o [1]
  .text              ro code   0x800'9300     0x4  startup_stm32f407xx.o [1]
  .text              ro code   0x800'9304     0x4  startup_stm32f407xx.o [1]
  .text              ro code   0x800'9308     0x4  startup_stm32f407xx.o [1]
  .text              ro code   0x800'930c     0x4  startup_stm32f407xx.o [1]
  .rodata            const     0x800'9310     0x0  zero_init3.o [4]
  .rodata            const     0x800'9310     0x0  packbits_init_single.o [4]
  Initializer bytes  const     0x800'9310    0x84  <for P2-1>
                             - 0x800'9394  0x920c

"P2", part 1 of 3:                           0xb0
  P2-1                        0x2000'0000    0xb0  <Init block>
    .data            inited   0x2000'0000     0xc  font12CN.o [1]
    .data            inited   0x2000'000c     0x8  font20.o [1]
    .data            inited   0x2000'0014     0xc  font24CN.o [1]
    .data            inited   0x2000'0020     0xc  stm32f4xx_hal.o [1]
    .data            inited   0x2000'002c     0x4  system_stm32f4xx.o [1]
    .data            inited   0x2000'0030    0x38  xlocale_c.o [2]
    .data            inited   0x2000'0068    0x48  xfiles.o [2]
                            - 0x2000'00b0    0xb0

"P2", part 2 of 3:                          0x2fc
  .bss               zero     0x2000'00b0   0x1d8  dlmalloc.o [2]
  .bss               zero     0x2000'0288    0x58  spi.o [1]
  .bss               zero     0x2000'02e0    0x50  xfiles.o [2]
  .bss               zero     0x2000'0330    0x44  usart.o [1]
  .bss               zero     0x2000'0374    0x18  GUI_Paint.o [1]
  .bss               zero     0x2000'038c    0x18  dlmalloc.o [2]
  .bss               zero     0x2000'03a4     0x4  xgetmemchunk.o [2]
  .bss               zero     0x2000'03a8     0x4  xfail_s.o [2]
                            - 0x2000'03ac   0x2fc

"P2", part 3 of 3:                         0xa000
  CSTACK                      0x2000'03b0  0x1000  <Block>
    CSTACK           uninit   0x2000'03b0  0x1000  <Block tail>
  HEAP                        0x2000'13b0  0x9000  <Block>
    HEAP             uninit   0x2000'13b0  0x9000  <Block tail>
                            - 0x2000'a3b0  0xa000

Unused ranges:

         From           To      Size
         ----           --      ----
   0x800'9394   0x80f'ffff  0xf'6c6c
  0x2000'03ac  0x2000'03af       0x4
  0x2000'a3b0  0x2001'ffff  0x1'5c50


*******************************************************************************
*** INIT TABLE
***

          Address      Size
          -------      ----
Zero (__iar_zero_init3)
    1 destination range, total size 0x2fc:
          0x2000'00b0  0x2fc

Copy/packbits (__iar_packbits_init_single3)
    1 source range, total size 0x84 (75% of destination):
           0x800'9310   0x84
    1 destination range, total size 0xb0:
          0x2000'0000   0xb0



*******************************************************************************
*** MODULE SUMMARY
***

    Module                  ro code  ro data  rw data
    ------                  -------  -------  -------
command line/config:
    -------------------------------------------------
    Total:

C:\Users\Tom\Desktop\keyboard\stm32\EWARM\stm32\Obj: [1]
    DEV_Config.o                100
    EPD_1in54.o                 628
    EPD_1in54_test.o            916       92
    GUI_Paint.o               2 932      588       24
    ImageData.o                        5 000
    font12CN.o                         1 505       12
    font20.o                           3 806        8
    font24CN.o                         4 493       12
    gpio.o                      300
    main.o                      208
    spi.o                       176                88
    startup_stm32f407xx.o       732
    stm32f4xx_hal.o             184        9       12
    stm32f4xx_hal_cortex.o      172
    stm32f4xx_hal_gpio.o        512
    stm32f4xx_hal_msp.o          56
    stm32f4xx_hal_rcc.o       1 244
    stm32f4xx_hal_spi.o         904
    stm32f4xx_hal_uart.o        644
    stm32f4xx_it.o               20
    system_stm32f4xx.o           32       11        4
    usart.o                     192                68
    -------------------------------------------------
    Total:                    9 952   15 504      228

dl7M_tlf.a: [2]
    abort.o                       6
    dlmalloc.o                5 344               496
    exit.o                        4
    heaptramp0.o                  4
    low_level_init.o              4
    printf.o                     40
    putchar.o                    12
    xfail_s.o                    64                 4
    xfiles.o                              54      152
    xgetmemchunk.o               44                 4
    xlocale_c.o                   8       46       56
    xprintffull_nomb.o        3 570
    xprout.o                     22
    -------------------------------------------------
    Total:                    9 122      100      712

m7M_tls.a: [3]
    DblAdd.o                    362
    DblCmpGe.o                   46
    DblCmpLe.o                   46
    DblDiv.o                    582
    DblMul.o                    418
    DblSub.o                    226
    DblToS32.o                   58
    DblToU32.o                   40
    S32ToDbl.o                   34
    U32ToDbl.o                   26
    fpinit_M.o                   34
    frexp.o                     112
    ldexp.o                     314
    -------------------------------------------------
    Total:                    2 298

rt7M_tl.a: [4]
    ABImemclr4.o                  6
    ABImemcpy_small.o            24
    ABImemset48.o                50
    I64DivMod_small.o           262
    I64DivZer.o                   2
    cexit.o                      10
    cmain.o                      30
    cstartup_M.o                 12
    data_init.o                  40
    memchr.o                     88
    packbits_init_single.o       56
    strchr.o                     22
    strlen.o                     54
    zero_init3.o                 58
    -------------------------------------------------
    Total:                      714

shb_l.a: [5]
    exit.o                       20
    -------------------------------------------------
    Total:                       20

    Gaps                         36        2
    Linker created                        32   40 960
-----------------------------------------------------
    Grand Total:             22 142   15 638   41 900


*******************************************************************************
*** ENTRY LIST
***

Entry                       Address    Size  Type      Object
-----                       -------    ----  ----      ------
.iar.init_table$$Base    0x800'90ec           --   Gb  - Linker created -
.iar.init_table$$Limit   0x800'910c           --   Gb  - Linker created -
?main                    0x800'912d          Code  Gb  cmain.o [4]
AHBPrescTable            0x800'911c    0x10  Data  Gb  system_stm32f4xx.o [1]
APBPrescTable            0x800'91c0     0x8  Data  Gb  system_stm32f4xx.o [1]
BusFault_Handler         0x800'9187     0x2  Code  Gb  stm32f4xx_it.o [1]
CSTACK$$Base            0x2000'03b0           --   Gb  - Linker created -
CSTACK$$Limit           0x2000'13b0           --   Gb  - Linker created -
DEV_Module_Exit          0x800'78f3    0x18  Code  Gb  DEV_Config.o [1]
DEV_Module_Init          0x800'78db    0x18  Code  Gb  DEV_Config.o [1]
DEV_SPI_WriteByte        0x800'78c9    0x12  Code  Gb  DEV_Config.o [1]
DebugMon_Handler         0x800'918d     0x2  Code  Gb  stm32f4xx_it.o [1]
EPD_1IN54_Clear          0x800'7adb    0x30  Code  Gb  EPD_1in54.o [1]
EPD_1IN54_Display        0x800'7b0b    0x3c  Code  Gb  EPD_1in54.o [1]
EPD_1IN54_Init           0x800'7a05    0xb6  Code  Gb  EPD_1in54.o [1]
EPD_1IN54_ReadBusy       0x800'7963    0x18  Code  Gb  EPD_1in54.o [1]
EPD_1IN54_SendCommand    0x800'792d     0x8  Code  Lc  EPD_1in54.o [1]
EPD_1IN54_SendData       0x800'7935     0x6  Code  Lc  EPD_1in54.o [1]
EPD_1IN54_SetCursor      0x800'79bb    0x28  Code  Lc  EPD_1in54.o [1]
EPD_1IN54_SetWindow      0x800'797b    0x40  Code  Lc  EPD_1in54.o [1]
EPD_1IN54_Sleep          0x800'7b51    0x10  Code  Gb  EPD_1in54.o [1]
EPD_1IN54_TurnOnDisplay
                         0x800'79e3    0x20  Code  Lc  EPD_1in54.o [1]
EPD_1IN54_lut_full_update
                         0x800'7b60    0x20  Data  Lc  EPD_1in54.o [1]
EPD_1IN54_lut_partial_update
                         0x800'7b80    0x20  Data  Lc  EPD_1in54.o [1]
EPD_1in54_test           0x800'7535   0x27e  Code  Gb  EPD_1in54_test.o [1]
Error_Handler            0x800'82dd     0x4  Code  Gb  main.o [1]
Font12CN                0x2000'0000     0xc  Data  Gb  font12CN.o [1]
Font12CN_Table           0x800'6f5c   0x5d8  Data  Gb  font12CN.o [1]
Font20                  0x2000'000c     0x8  Data  Gb  font20.o [1]
Font20_Table             0x800'3bf4   0xed8  Data  Gb  font20.o [1]
Font24CN                0x2000'0014     0xc  Data  Gb  font24CN.o [1]
Font24CN_Table           0x800'2a70  0x1184  Data  Gb  font24CN.o [1]
HAL_Delay                0x800'7ba1    0x28  Code  Wk  stm32f4xx_hal.o [1]
HAL_GPIO_Init            0x800'7f55   0x1be  Code  Gb  stm32f4xx_hal_gpio.o [1]
HAL_GPIO_ReadPin         0x800'8113     0xc  Code  Gb  stm32f4xx_hal_gpio.o [1]
HAL_GPIO_WritePin        0x800'811f     0x8  Code  Gb  stm32f4xx_hal_gpio.o [1]
HAL_GetTick              0x800'8155     0xc  Code  Wk  stm32f4xx_hal.o [1]
HAL_IncTick              0x800'9195    0x10  Code  Wk  stm32f4xx_hal.o [1]
HAL_Init                 0x800'82e9    0x30  Code  Gb  stm32f4xx_hal.o [1]
HAL_InitTick             0x800'8ac5    0x40  Code  Wk  stm32f4xx_hal.o [1]
HAL_MspInit              0x800'8b05    0x38  Code  Gb  stm32f4xx_hal_msp.o [1]
HAL_NVIC_SetPriority     0x800'8a4d    0x3a  Code  Gb  stm32f4xx_hal_cortex.o [1]
HAL_NVIC_SetPriorityGrouping
                         0x800'8a33    0x1a  Code  Gb  stm32f4xx_hal_cortex.o [1]
HAL_RCC_ClockConfig      0x800'8839   0x100  Code  Gb  stm32f4xx_hal_rcc.o [1]
HAL_RCC_GetPCLK1Freq     0x800'8945    0x10  Code  Gb  stm32f4xx_hal_rcc.o [1]
HAL_RCC_GetPCLK2Freq     0x800'8955     0xe  Code  Gb  stm32f4xx_hal_rcc.o [1]
HAL_RCC_OscConfig        0x800'8509   0x330  Code  Wk  stm32f4xx_hal_rcc.o [1]
HAL_SPI_Init             0x800'7bcd    0xb4  Code  Gb  stm32f4xx_hal_spi.o [1]
HAL_SPI_MspInit          0x800'819b    0x64  Code  Gb  spi.o [1]
HAL_SPI_Transmit         0x800'7c81   0x130  Code  Gb  stm32f4xx_hal_spi.o [1]
HAL_SYSTICK_Config       0x800'8a87    0x28  Code  Gb  stm32f4xx_hal_cortex.o [1]
HAL_UART_Init            0x800'8b3d    0x1e  Code  Gb  stm32f4xx_hal_uart.o [1]
HAL_UART_MspInit         0x800'8477    0x66  Code  Gb  usart.o [1]
HAL_UART_Transmit        0x800'8bb3    0xb2  Code  Gb  stm32f4xx_hal_uart.o [1]
HEAP$$Base              0x2000'13b0           --   Gb  - Linker created -
HEAP$$Limit             0x2000'a3b0           --   Gb  - Linker created -
HardFault_Handler        0x800'9183     0x2  Code  Gb  stm32f4xx_it.o [1]
LoadInt                  0x800'4c7b    0x7a  Code  Lc  xprintffull_nomb.o [2]
MX_GPIO_Init             0x800'831d   0x10a  Code  Gb  gpio.o [1]
MX_SPI1_Init             0x800'8161    0x3a  Code  Gb  spi.o [1]
MX_USART1_UART_Init      0x800'8449    0x2e  Code  Gb  usart.o [1]
MemManage_Handler        0x800'9185     0x2  Code  Gb  stm32f4xx_it.o [1]
NMI_Handler              0x800'9181     0x2  Code  Gb  stm32f4xx_it.o [1]
Paint                   0x2000'0374    0x18  Data  Gb  GUI_Paint.o [1]
Paint_Clear              0x800'652d    0x98  Code  Gb  GUI_Paint.o [1]
Paint_ClearWindows       0x800'65c5    0x30  Code  Gb  GUI_Paint.o [1]
Paint_DrawBitMap         0x800'6eeb    0x2e  Code  Gb  GUI_Paint.o [1]
Paint_DrawChar           0x800'6a0d    0xd6  Code  Gb  GUI_Paint.o [1]
Paint_DrawCircle         0x800'6827   0x1be  Code  Gb  GUI_Paint.o [1]
Paint_DrawLine           0x800'66af    0xe4  Code  Gb  GUI_Paint.o [1]
Paint_DrawNum            0x800'6d03    0x8c  Code  Gb  GUI_Paint.o [1]
Paint_DrawPoint          0x800'65f5    0xb2  Code  Gb  GUI_Paint.o [1]
Paint_DrawRectangle      0x800'6793    0x80  Code  Gb  GUI_Paint.o [1]
Paint_DrawString_CN      0x800'6b59   0x1a0  Code  Gb  GUI_Paint.o [1]
Paint_DrawString_EN      0x800'6ae3    0x76  Code  Gb  GUI_Paint.o [1]
Paint_DrawTime           0x800'6d99   0x14a  Code  Gb  GUI_Paint.o [1]
Paint_NewImage           0x800'63c1    0x46  Code  Gb  GUI_Paint.o [1]
Paint_SelectImage        0x800'6407     0x8  Code  Gb  GUI_Paint.o [1]
Paint_SetPixel           0x800'6411   0x110  Code  Gb  GUI_Paint.o [1]
PendSV_Handler           0x800'918f     0x2  Code  Gb  stm32f4xx_it.o [1]
Region$$Table$$Base      0x800'90ec           --   Gb  - Linker created -
Region$$Table$$Limit     0x800'910c           --   Gb  - Linker created -
SPI_EndRxTxTransaction   0x800'7eef    0x50  Code  Lc  stm32f4xx_hal_spi.o [1]
SPI_WaitFlagStateUntilTimeout
                         0x800'7e2f    0xb4  Code  Lc  stm32f4xx_hal_spi.o [1]
SVC_Handler              0x800'918b     0x2  Code  Gb  stm32f4xx_it.o [1]
SysTick_Handler          0x800'9191     0x4  Code  Gb  stm32f4xx_it.o [1]
SystemClock_Config       0x800'8235    0x9e  Code  Gb  main.o [1]
SystemCoreClock         0x2000'002c     0x4  Data  Gb  system_stm32f4xx.o [1]
SystemInit               0x800'910d     0xc  Code  Gb  system_stm32f4xx.o [1]
UART_SetConfig           0x800'8cf9    0xae  Code  Lc  stm32f4xx_hal_uart.o [1]
UART_WaitOnFlagUntilTimeout
                         0x800'8c65    0x5e  Code  Lc  stm32f4xx_hal_uart.o [1]
UsageFault_Handler       0x800'9189     0x2  Code  Gb  stm32f4xx_it.o [1]
_GenldFullNoMb           0x800'55bd   0x274  Code  Lc  xprintffull_nomb.o [2]
_LdtobFullNoMb           0x800'51b9   0x3d6  Code  Lc  xprintffull_nomb.o [2]
_LitobFullNoMb           0x800'5069   0x10a  Code  Lc  xprintffull_nomb.o [2]
_Locale_lconv           0x2000'0030    0x38  Data  Lc  xlocale_c.o [2]
_PrintfFullNoMb          0x800'4acd   0x19e  Code  Gb  xprintffull_nomb.o [2]
_Prout                   0x800'915f    0x16  Code  Gb  xprout.o [2]
_PutcharsFullNoMb        0x800'5831    0x2e  Code  Lc  xprintffull_nomb.o [2]
_PutfldFullNoMb          0x800'4cf5   0x268  Code  Lc  xprintffull_nomb.o [2]
_PuttxtFullNoMb          0x800'4f5d   0x10c  Code  Lc  xprintffull_nomb.o [2]
__NVIC_SetPriority       0x800'8a19    0x1a  Code  Lc  stm32f4xx_hal_cortex.o [1]
__aeabi_cdcmple          0x800'5cdd          Code  Gb  DblCmpLe.o [3]
__aeabi_cdrcmple         0x800'5d0d          Code  Gb  DblCmpGe.o [3]
__aeabi_d2iz             0x800'5e79          Code  Gb  DblToS32.o [3]
__aeabi_d2uiz            0x800'6205          Code  Gb  DblToU32.o [3]
__aeabi_ddiv             0x800'5fbd          Code  Gb  DblDiv.o [3]
__aeabi_dmul             0x800'5ab1          Code  Gb  DblMul.o [3]
__aeabi_dsub             0x800'5ed9          Code  Gb  DblSub.o [3]
__aeabi_i2d              0x800'5eb5          Code  Gb  S32ToDbl.o [3]
__aeabi_ldiv0            0x800'6251          Code  Gb  I64DivZer.o [4]
__aeabi_memclr4          0x800'82e1          Code  Gb  ABImemclr4.o [4]
__aeabi_ui2d             0x800'622d          Code  Gb  U32ToDbl.o [3]
__cmain                  0x800'912d          Code  Gb  cmain.o [4]
__data_GetMemChunk       0x800'16a9    0x2c  Code  Gb  xgetmemchunk.o [2]
__data_GetMemChunk::start
                        0x2000'03a4     0x4  Data  Lc  xgetmemchunk.o [2]
__exit                   0x800'16d5    0x14  Code  Gb  exit.o [5]
__iar_Fail_s             0x800'58d9    0x1c  Code  Gb  xfail_s.o [2]
__iar_Memchr             0x800'5951          Code  Gb  memchr.o [4]
__iar_Memset4_word       0x800'89e5          Code  Gb  ABImemset48.o [4]
__iar_Memset8_word       0x800'89e5          Code  Gb  ABImemset48.o [4]
__iar_Stdout            0x2000'0068    0x48  Data  Gb  xfiles.o [2]
__iar_Strchr             0x800'58c1          Code  Gb  strchr.o [4]
__iar_dadd               0x800'5ee9          Code  Gb  DblSub.o [3]
__iar_data_init3         0x800'90a1    0x28  Code  Gb  data_init.o [4]
__iar_dlfree             0x800'1167   0x4f6  Code  Gb  dlmalloc.o [2]
__iar_dlmalloc           0x800'0eb1   0x2b6  Code  Gb  dlmalloc.o [2]
__iar_dsub               0x800'6255          Code  Gb  DblAdd.o [3]
__iar_dsubStart          0x800'6267          Code  Gb  DblAdd.o [3]
__iar_frexp              0x800'5c79          Code  Gb  frexp.o [3]
__iar_frexpl             0x800'5c79          Code  Gb  frexp.o [3]
__iar_init_vfp           0x800'90c9          Code  Gb  fpinit_M.o [3]
__iar_ldexp64            0x800'5d3d          Code  Gb  ldexp.o [3]
__iar_packbits_init_single3
                         0x800'9069    0x38  Code  Gb  packbits_init_single.o [4]
__iar_program_start      0x800'91b5          Code  Gb  cstartup_M.o [4]
__iar_scalbln64          0x800'5d3d          Code  Gb  ldexp.o [3]
__iar_scalbn64           0x800'5d3d          Code  Gb  ldexp.o [3]
__iar_small_Memcpy       0x800'5c59          Code  Gb  ABImemcpy_small.o [4]
__iar_small_memcpy       0x800'5c55          Code  Gb  ABImemcpy_small.o [4]
__iar_small_memcpy4      0x800'5c55          Code  Gb  ABImemcpy_small.o [4]
__iar_small_memcpy8      0x800'5c55          Code  Gb  ABImemcpy_small.o [4]
__iar_small_uldivmod     0x800'59a9          Code  Gb  I64DivMod_small.o [4]
__iar_softfp___iar_frexp64
                         0x800'5c6d          Code  Gb  frexp.o [3]
__iar_softfp_frexp       0x800'5c6d          Code  Gb  frexp.o [3]
__iar_softfp_frexpl      0x800'5c6d          Code  Gb  frexp.o [3]
__iar_zero_init3         0x800'166f    0x3a  Code  Gb  zero_init3.o [4]
__low_level_init         0x800'914b     0x4  Code  Gb  low_level_init.o [2]
__vector_table           0x800'0000          Data  Gb  startup_stm32f407xx.o [1]
_call_main               0x800'9139          Code  Gb  cmain.o [4]
_exit                    0x800'9155          Code  Gb  cexit.o [4]
_gm_                    0x2000'00b0   0x1d8  Data  Lc  dlmalloc.o [2]
_main                    0x800'9147          Code  Gb  cmain.o [4]
abort                    0x800'1669     0x6  Code  Gb  abort.o [2]
add_segment              0x800'0551   0x1f2  Code  Lc  dlmalloc.o [2]
exit                     0x800'914f     0x4  Code  Gb  exit.o [2]
fputc                    0x800'84dd    0x18  Code  Gb  usart.o [1]
free                     0x800'7bc9     0x4  Code  Gb  heaptramp0.o [2]
gImage_1in54             0x800'16e8  0x1388  Data  Gb  ImageData.o [1]
hspi1                   0x2000'0288    0x58  Data  Gb  spi.o [1]
huart1                  0x2000'0330    0x44  Data  Gb  usart.o [1]
init_mparams             0x800'01a3    0x32  Code  Lc  dlmalloc.o [2]
init_top                 0x800'01d5    0x36  Code  Lc  dlmalloc.o [2]
ldexp                    0x800'5d3d          Code  Gb  ldexp.o [3]
ldexpl                   0x800'5d3d          Code  Gb  ldexp.o [3]
localeconv               0x800'6249     0x4  Code  Gb  xlocale_c.o [2]
main                     0x800'8211    0x24  Code  Gb  main.o [1]
memchr                   0x800'5951          Code  Gb  memchr.o [4]
mparams                 0x2000'038c    0x18  Data  Lc  dlmalloc.o [2]
obuf                    0x2000'02e0    0x50  Data  Lc  xfiles.o [2]
prepend_alloc            0x800'020b   0x346  Code  Lc  dlmalloc.o [2]
printf                   0x800'6f35    0x28  Code  Gb  printf.o [2]
putchar                  0x800'9175     0xc  Code  Gb  putchar.o [2]
scalbln                  0x800'5d3d          Code  Gb  ldexp.o [3]
scalblnl                 0x800'5d3d          Code  Gb  ldexp.o [3]
scalbn                   0x800'5d3d          Code  Gb  ldexp.o [3]
scalbnl                  0x800'5d3d          Code  Gb  ldexp.o [3]
scale                    0x800'5173    0x46  Code  Lc  xprintffull_nomb.o [2]
sec_hand                0x2000'03a8     0x4  Data  Lc  xfail_s.o [2]
segment_holding          0x800'0189    0x1a  Code  Lc  dlmalloc.o [2]
strchr                   0x800'58c1          Code  Gb  strchr.o [4]
strlen                   0x800'5919          Code  Gb  strlen.o [4]
sys_alloc                0x800'0749   0x164  Code  Lc  dlmalloc.o [2]
sys_trim                 0x800'08ad    0x64  Code  Lc  dlmalloc.o [2]
tmalloc_large            0x800'091d   0x386  Code  Lc  dlmalloc.o [2]
tmalloc_small            0x800'0ca3   0x200  Code  Lc  dlmalloc.o [2]
uwTick                  0x2000'0024     0x4  Data  Gb  stm32f4xx_hal.o [1]
uwTickFreq              0x2000'0020     0x1  Data  Gb  stm32f4xx_hal.o [1]
uwTickPrio              0x2000'0028     0x4  Data  Gb  stm32f4xx_hal.o [1]


[1] = C:\Users\Tom\Desktop\keyboard\stm32\EWARM\stm32\Obj
[2] = dl7M_tlf.a
[3] = m7M_tls.a
[4] = rt7M_tl.a
[5] = shb_l.a

  22 142 bytes of readonly  code memory
  15 638 bytes of readonly  data memory
  41 900 bytes of readwrite data memory

Errors: none
Warnings: none
